// Jest Snapshot v1, https://goo.gl/fbAQLP

exports[`App component renders App 1`] = `
<DocumentFragment>
  <div>
    <p>
      Loading
    </p>
    <img
      data-testid="loading"
      src="https://i.imgur.com/oRnhau2.gif"
    />
  </div>
</DocumentFragment>
`;
